Loading file: aamain2.tm
666 T
entered: 496
entered: T
Bye.
