WARNING(12): The variable 'i' seems not to be used.
WARNING(25): The variable 'h' seems not to be used.
Loading file: arraysize.tm
777 11 0 12
777 11 888 12
666 13
888 12 888 12

