WARNING(1): The parameter 'y' seems not to be used.
Loading file: array1.tm
777
Bye.
