Loading file: factorialr.tm
entered: 15
1307674368000
Bye.
