Loading file: fib.tm
entered: 6
6
5
4
3
2
1
2
3
2
1
4
3
2
1
2
8
Bye.
