WARNING(30): The variable 'h' seems not to be used.
Loading file: pushpopexp.tm
7 17 F T
F 22066
41 331
Bye.
