WARNING(1): The parameter 'garion' seems not to be used.
Loading file: tiny.tm
42
Bye.
